// Jest Snapshot v1, https://goo.gl/fbAQLP

exports[`AttributeFormControlUrl should work 1`] = `
<AttributeFormControlUrl
  onChange={[MockFunction]}
  readOnly={true}
  value="[百度](http://www.baidu.com)"
>
  <div>
    <div
      className="singleContainer"
    >
      <label
        className="presetTitle"
      >
        链接：
      </label>
      <Input
        onBlur={[Function]}
        onChange={[Function]}
        placeholder="请输入链接"
        readOnly={true}
        type="url"
        value="http://www.baidu.com"
      >
        <input
          className="ant-input"
          onBlur={[Function]}
          onChange={[Function]}
          onKeyDown={[Function]}
          placeholder="请输入链接"
          readOnly={true}
          type="url"
          value="http://www.baidu.com"
        />
      </Input>
    </div>
    <div
      className="singleContainer"
    >
      <label
        className="presetTitle"
      >
        标题：
      </label>
      <Input
        defaultValue="百度"
        onBlur={[Function]}
        onChange={[Function]}
        placeholder="选填，请输入显示的标题"
        type="text"
      >
        <input
          className="ant-input"
          onBlur={[Function]}
          onChange={[Function]}
          onKeyDown={[Function]}
          placeholder="选填，请输入显示的标题"
          type="text"
          value="百度"
        />
      </Input>
    </div>
  </div>
</AttributeFormControlUrl>
`;
