// Jest Snapshot v1, https://goo.gl/fbAQLP

exports[`DatetimeRange should work 1`] = `
<Popover
  content={
    <div
      style={
        Object {
          "margin": "16px",
        }
      }
    >
      <div
        style={
          Object {
            "color": "#262626",
            "display": "block",
            "fontSize": "16px",
            "fontWeight": 500,
            "lineHeight": "24px",
            "marginBottom": "10px",
          }
        }
      >
        快速选择：
      </div>
      <RadioGroup
        buttonStyle="solid"
        className="btnGroup"
        onChange={[Function]}
        style={
          Object {
            "marginBottom": "20px",
          }
        }
        value="now-7d"
      >
        <RadioButton
          className="now-1h"
          value="now-1h"
        >
          近1小时
        </RadioButton>
        <RadioButton
          className="now-1d"
          value="now-1d"
        >
          近24小时
        </RadioButton>
        <RadioButton
          className="now/d"
          value="now/d"
        >
          今天
        </RadioButton>
        <RadioButton
          className="now-7d"
          value="now-7d"
        >
          近7天
        </RadioButton>
        <RadioButton
          className="now-30d"
          value="now-30d"
        >
          近30天
        </RadioButton>
      </RadioGroup>
      <div
        style={
          Object {
            "color": "#262626",
            "display": "block",
            "fontSize": "16px",
            "fontWeight": 500,
            "lineHeight": "24px",
            "marginBottom": "10px",
          }
        }
      >
        指定范围：
      </div>
      <div
        style={
          Object {
            "marginBottom": "30px",
          }
        }
      >
        <PickerWrapper
          allowClear={false}
          format="YYYY-MM-DD HH:mm:ss"
          locale={Object {}}
          onChange={[Function]}
          onOk={[Function]}
          onOpenChange={[Function]}
          placeholder={
            Array [
              "开始日期",
              "结束日期",
            ]
          }
          popupStyle={Object {}}
          showTime={
            Object {
              "defaultValue": Array [
                null,
                null,
              ],
            }
          }
          style={
            Object {
              "width": "380px",
            }
          }
          transitionName="slide-up"
          value={null}
        />
      </div>
      <Button
        block={false}
        ghost={false}
        htmlType="button"
        loading={false}
        onClick={[Function]}
        type="primary"
      >
        确定
      </Button>
    </div>
  }
  mouseEnterDelay={0.1}
  mouseLeaveDelay={0.1}
  onVisibleChange={[Function]}
  overlayStyle={Object {}}
  placement="bottom"
  transitionName="zoom-big"
  trigger="click"
  visible={false}
>
  <Button
    block={false}
    ghost={false}
    htmlType="button"
    loading={false}
  >
    <Icon
      style={
        Object {
          "verticalAlign": "middle",
        }
      }
      type="clock-circle"
    />
     
    近7天
  </Button>
</Popover>
`;
