// Jest Snapshot v1, https://goo.gl/fbAQLP

exports[`AttributeFormControlUrl should work 1`] = `
<AttributeFormControlUrl
  onChange={[MockFunction]}
  readOnly={true}
  value="[百度](http://www.baidu.com)"
>
  <div>
    <div
      className="singleContainer"
    >
      <label
        className="presetTitle"
      >
        libs-cmdb-instances:LINK
      </label>
      <Input
        onChange={[Function]}
        placeholder="libs-cmdb-instances:LINK_PLACEHOLDER"
        readOnly={true}
        type="url"
        value="http://www.baidu.com"
      >
        <ClearableLabeledInput
          bordered={true}
          element={
            <input
              className="ant-input"
              onBlur={[Function]}
              onChange={[Function]}
              onFocus={[Function]}
              onKeyDown={[Function]}
              placeholder="libs-cmdb-instances:LINK_PLACEHOLDER"
              readOnly={true}
              type="url"
              value="http://www.baidu.com"
            />
          }
          focused={false}
          handleReset={[Function]}
          inputType="input"
          onChange={[Function]}
          placeholder="libs-cmdb-instances:LINK_PLACEHOLDER"
          prefixCls="ant-input"
          readOnly={true}
          triggerFocus={[Function]}
          type="url"
          value="http://www.baidu.com"
        >
          <input
            className="ant-input"
            onBlur={[Function]}
            onChange={[Function]}
            onFocus={[Function]}
            onKeyDown={[Function]}
            placeholder="libs-cmdb-instances:LINK_PLACEHOLDER"
            readOnly={true}
            type="url"
            value="http://www.baidu.com"
          />
        </ClearableLabeledInput>
      </Input>
    </div>
    <div
      className="singleContainer"
    >
      <label
        className="presetTitle"
      >
        libs-cmdb-instances:TITLE
      </label>
      <Input
        defaultValue="百度"
        onChange={[Function]}
        placeholder="libs-cmdb-instances:TITLE_PLACEHOLDER"
        type="text"
      >
        <ClearableLabeledInput
          bordered={true}
          defaultValue="百度"
          element={
            <input
              className="ant-input"
              onBlur={[Function]}
              onChange={[Function]}
              onFocus={[Function]}
              onKeyDown={[Function]}
              placeholder="libs-cmdb-instances:TITLE_PLACEHOLDER"
              type="text"
            />
          }
          focused={false}
          handleReset={[Function]}
          inputType="input"
          onChange={[Function]}
          placeholder="libs-cmdb-instances:TITLE_PLACEHOLDER"
          prefixCls="ant-input"
          triggerFocus={[Function]}
          type="text"
          value="百度"
        >
          <input
            className="ant-input"
            onBlur={[Function]}
            onChange={[Function]}
            onFocus={[Function]}
            onKeyDown={[Function]}
            placeholder="libs-cmdb-instances:TITLE_PLACEHOLDER"
            type="text"
            value="百度"
          />
        </ClearableLabeledInput>
      </Input>
    </div>
  </div>
</AttributeFormControlUrl>
`;
