// Jest Snapshot v1, https://goo.gl/fbAQLP

exports[`AddStructModal should render radio group 1`] = `
<ContextProvider
  value={
    Object {
      "disabled": undefined,
      "name": undefined,
      "onChange": [Function],
      "value": "1",
    }
  }
>
  <div
    className="ant-radio-group ant-radio-group-undefined"
  >
    <Radio
      key="1"
      type="radio"
      value="1"
    >
      1
    </Radio>
    <Radio
      key="3"
      type="radio"
      value="3"
    >
      3
    </Radio>
    <Radio
      key="5"
      type="radio"
      value="5"
    >
      5
    </Radio>
    <Radio
      key="7"
      type="radio"
      value="7"
    >
      7
    </Radio>
    <Radio
      key="9"
      type="radio"
      value="9"
    >
      9
    </Radio>
  </div>
</ContextProvider>
`;
