// Jest Snapshot v1, https://goo.gl/fbAQLP

exports[`BrickInstanceJump should work 1`] = `
<div
  style={
    Object {
      "position": "relative",
    }
  }
>
  <div
    className="customTitleContainer"
    onClick={[Function]}
  >
    <span
      className="customTitle"
    >
      xxx
    </span>
    <span
      style={
        Object {
          "fontSize": "4px",
          "marginLeft": "5px",
          "marginTop": "5px",
        }
      }
    >
      <Icon
        type="caret-down"
      />
    </span>
  </div>
  <div
    className="hidden gridCard"
  >
    <div
      className="searchBoxHeading"
    >
      <div
        className="searchBar"
      >
        <Input
          onChange={[Function]}
          suffix={
            <Icon
              type="search"
            />
          }
          type="text"
          value=""
        />
      </div>
    </div>
    <div
      className="searchContainer"
    >
      <span
        className="zeroSearchResult"
      >
        查询结果为空
      </span>
    </div>
  </div>
</div>
`;
