// Jest Snapshot v1, https://goo.gl/fbAQLP

exports[`AddStructModal should init addStructModal 1`] = `
<Modal
  cancelButtonProps={
    Object {
      "id": "cancelBtn",
    }
  }
  cancelText="取消"
  confirmLoading={false}
  destroyOnClose={true}
  maskTransitionName="fade"
  okButtonProps={
    Object {
      "disabled": false,
      "id": "okBtn",
    }
  }
  okText="确定"
  okType="primary"
  onCancel={[Function]}
  onOk={[Function]}
  transitionName="zoom"
  visible={true}
  width={520}
>
  <div
    className="formItem"
    key="arr"
  >
    <label
      className="formLabel"
    >
      数组
      ：
    </label>
    <Select
      choiceTransitionName="zoom"
      defaultValue={
        Array [
          "abc",
          "def",
        ]
      }
      mode="tags"
      onChange={[Function]}
      showSearch={false}
      style={
        Object {
          "width": "100%",
        }
      }
      transitionName="slide-up"
    />
  </div>
  <div
    className="formItem"
    key="str"
  >
    <label
      className="formLabel"
    >
      字符串
      ：
    </label>
    <Input
      defaultValue="string"
      onChange={[Function]}
      type="text"
    />
  </div>
  <div
    className="formItem"
    key="int"
  >
    <label
      className="formLabel"
    >
      数组
      ：
    </label>
    <InputNumber
      defaultValue={1000}
      onChange={[Function]}
      step={1}
      style={
        Object {
          "width": "100%",
        }
      }
    />
  </div>
  <div
    className="formItem"
    key="ip"
  >
    <label
      className="formLabel"
    >
      IP地址
      ：
    </label>
    <div>
      <Input
        defaultValue="0.0.0.0"
        onChange={[Function]}
        type="text"
      />
      <label
        style={
          Object {
            "color": "#fc5043",
            "display": "none",
          }
        }
      >
        不满足预设的正则表达式，请修改
      </label>
    </div>
  </div>
  <div
    className="formItem"
    key="enum"
  >
    <label
      className="formLabel"
    >
      枚举
      ：
    </label>
    <RadioGroup
      buttonStyle="outline"
      defaultValue="1"
      onChange={[Function]}
    >
      <Radio
        key="1"
        type="radio"
        value="1"
      >
        1
      </Radio>
      <Radio
        key="3"
        type="radio"
        value="3"
      >
        3
      </Radio>
      <Radio
        key="5"
        type="radio"
        value="5"
      >
        5
      </Radio>
      <Radio
        key="7"
        type="radio"
        value="7"
      >
        7
      </Radio>
      <Radio
        key="9"
        type="radio"
        value="9"
      >
        9
      </Radio>
    </RadioGroup>
  </div>
  <div
    className="formItem"
    key="date"
  >
    <label
      className="formLabel"
    >
      日期
      ：
    </label>
    <PickerWrapper
      defaultValue={"2019-05-23T16:00:00.000Z"}
      locale={Object {}}
      onChange={[Function]}
      onOk={[Function]}
      onOpenChange={[Function]}
      popupStyle={Object {}}
      showTime={false}
      transitionName="slide-up"
    />
  </div>
  <div
    className="formItem"
    key="datetime"
  >
    <label
      className="formLabel"
    >
      时间
      ：
    </label>
    <PickerWrapper
      defaultValue={"2019-05-24T04:00:00.000Z"}
      locale={Object {}}
      onChange={[Function]}
      onOk={[Function]}
      onOpenChange={[Function]}
      popupStyle={Object {}}
      showTime={true}
      transitionName="slide-up"
    />
  </div>
</Modal>
`;

exports[`AddStructModal should render Select 1`] = `
<ContextConsumer>
  <Component />
</ContextConsumer>
`;

exports[`AddStructModal should render radio group 1`] = `
<ContextConsumer>
  <Component />
</ContextConsumer>
`;
