// Jest Snapshot v1, https://goo.gl/fbAQLP

exports[`BatchSetting should work 1`] = `
<div>
  <Button
    block={false}
    disabled={false}
    ghost={false}
    htmlType="button"
    loading={false}
    onClick={[Function]}
  >
    批量设置权限
  </Button>
  <Modal
    cancelText="取消"
    confirmLoading={false}
    destroyOnClose={true}
    maskTransitionName="fade"
    okButtonProps={
      Object {
        "disabled": true,
      }
    }
    okText="确定"
    okType="primary"
    onCancel={[Function]}
    onOk={[Function]}
    title="批量设置权限"
    transitionName="zoom"
    visible={false}
    width={520}
  >
    <Alert
      message="已选择3个应用"
      type="info"
    />
    <div
      className="formContainer"
    >
      <div
        className="formRow"
      >
        <label
          className="ant-form-item-required formLabel"
        >
          选择权限：
        </label>
        <CheckboxGroup
          onChange={[Function]}
          options={
            Array [
              Object {
                "label": "包删除",
                "value": "deploy:package_delete",
              },
              Object {
                "label": "包编辑",
                "value": "deploy:package_update",
              },
              Object {
                "label": "包查看",
                "value": "deploy:package_read",
              },
            ]
          }
        />
      </div>
      <div
        className="formRow"
      >
        <label
          className="formLabel"
        >
          白名单：
          <Tooltip
            arrowPointAtCenter={false}
            autoAdjustOverflow={true}
            mouseEnterDelay={0.1}
            mouseLeaveDelay={0.1}
            placement="top"
            title="白名单必定包含当前用户"
            transitionName="zoom-big-fast"
          >
            <Icon
              type="question-circle"
            />
          </Tooltip>
        </label>
        <div>
          <Switch
            defaultChecked={false}
            onChange={[Function]}
          />
        </div>
      </div>
    </div>
  </Modal>
</div>
`;
