// Jest Snapshot v1, https://goo.gl/fbAQLP

exports[`AddUserModal should work 1`] = `
<div>
  <CheckboxGroup
    onChange={[Function]}
    options={
      Array [
        Object {
          "label": "包删除",
          "value": "deploy:package_delete",
        },
        Object {
          "label": "包编辑",
          "value": "deploy:package_update",
        },
        Object {
          "label": "包查看",
          "value": "deploy:package_read",
        },
      ]
    }
  />
  <div>
    <label>
      用户（组）：
    </label>
    <SelectUserOrGroup
      handleUsersChange={[Function]}
    />
  </div>
</div>
`;
