// Jest Snapshot v1, https://goo.gl/fbAQLP

exports[`SelectUserOrGroup should render 1`] = `
<Select
  choiceTransitionName="zoom"
  labelInValue={true}
  mode="multiple"
  onChange={[Function]}
  placeholder="选择用户（组）"
  showSearch={false}
  style={
    Object {
      "width": "100%",
    }
  }
  transitionName="slide-up"
>
  <OptGroup
    label="用户"
  />
  <OptGroup
    label="用户组"
  />
</Select>
`;
