// Jest Snapshot v1, https://goo.gl/fbAQLP

exports[`AttributeFormControlUrl should work 1`] = `
<AttributeFormControlUrl
  onChange={[MockFunction]}
  readOnly={true}
  value="[百度](http://www.baidu.com)"
>
  <div>
    <div
      className="singleContainer"
    >
      <label
        className="presetTitle"
      >
        链接：
      </label>
      <Input
        onBlur={[Function]}
        onChange={[Function]}
        placeholder="请输入链接"
        readOnly={true}
        type="url"
        value="http://www.baidu.com"
      >
        <ClearableLabeledInput
          element={
            <input
              className="ant-input"
              onBlur={[Function]}
              onChange={[Function]}
              onKeyDown={[Function]}
              placeholder="请输入链接"
              readOnly={true}
              type="url"
              value="http://www.baidu.com"
            />
          }
          handleReset={[Function]}
          inputType="input"
          onBlur={[Function]}
          onChange={[Function]}
          placeholder="请输入链接"
          prefixCls="ant-input"
          readOnly={true}
          type="url"
          value="http://www.baidu.com"
        >
          <input
            className="ant-input"
            onBlur={[Function]}
            onChange={[Function]}
            onKeyDown={[Function]}
            placeholder="请输入链接"
            readOnly={true}
            type="url"
            value="http://www.baidu.com"
          />
        </ClearableLabeledInput>
      </Input>
    </div>
    <div
      className="singleContainer"
    >
      <label
        className="presetTitle"
      >
        标题：
      </label>
      <Input
        defaultValue="百度"
        onBlur={[Function]}
        onChange={[Function]}
        placeholder="选填，请输入显示的标题"
        type="text"
      >
        <ClearableLabeledInput
          defaultValue="百度"
          element={
            <input
              className="ant-input"
              onBlur={[Function]}
              onChange={[Function]}
              onKeyDown={[Function]}
              placeholder="选填，请输入显示的标题"
              type="text"
            />
          }
          handleReset={[Function]}
          inputType="input"
          onBlur={[Function]}
          onChange={[Function]}
          placeholder="选填，请输入显示的标题"
          prefixCls="ant-input"
          type="text"
          value="百度"
        >
          <input
            className="ant-input"
            onBlur={[Function]}
            onChange={[Function]}
            onKeyDown={[Function]}
            placeholder="选填，请输入显示的标题"
            type="text"
            value="百度"
          />
        </ClearableLabeledInput>
      </Input>
    </div>
  </div>
</AttributeFormControlUrl>
`;
