// Jest Snapshot v1, https://goo.gl/fbAQLP

exports[`cmdb tree renderTitle renderTitle should work 1`] = `
<span
  className="ant-tree-title"
>
  <React.Fragment>
    hell
  </React.Fragment>
  <span
    style={
      Object {
        "color": "rgb(204, 121, 33)",
      }
    }
  >
    o
  </span>
  <React.Fragment>
    , w
  </React.Fragment>
  <span
    style={
      Object {
        "color": "rgb(204, 121, 33)",
      }
    }
  >
    o
  </span>
  <React.Fragment>
    rld
  </React.Fragment>
</span>
`;

exports[`cmdb tree should work 1`] = `
<div
  className="easyopsCustomizeAntTree"
>
  <Tree
    autoExpandParent={true}
    blockNode={false}
    checkable={false}
    className="hide-file-icon"
    defaultExpandAll={false}
    draggable={true}
    expandedKeys={Array []}
    key="init"
    loadData={[Function]}
    motion={
      Object {
        "motionAppear": false,
        "motionName": "ant-motion-collapse",
        "onAppearActive": [Function],
        "onAppearStart": [Function],
        "onEnterActive": [Function],
        "onEnterStart": [Function],
        "onLeaveActive": [Function],
        "onLeaveStart": [Function],
      }
    }
    onDragEnd={[Function]}
    onDragStart={[Function]}
    onExpand={[Function]}
    selectedKeys={
      Array [
        "target",
      ]
    }
    showIcon={false}
    showLine={true}
  >
    <ContextTreeNode
      data-ref={
        Object {
          "isLeaf": true,
          "key": "business-id-1",
          "objectId": "BUSINESS",
          "title": "business-1",
        }
      }
      isLeaf={true}
      key="business-id-1"
      title={
        <span
          className="ant-tree-title"
        >
          business-1
        </span>
      }
    />
  </Tree>
</div>
`;

exports[`cmdb tree treeData not empty should work 1`] = `
"Snapshot Diff:
- First value
+ Second value

@@ -44,11 +44,16 @@
              class=\\"ant-tree-title\\"
            >
              <span
                class=\\"ant-tree-title\\"
              >
-               node-1
+               <span
+                 style=\\"color: rgb(204, 121, 33);\\"
+               >
+                 node
+               </span>
+               -1
              </span>
            </span>
          </span>
        </li>
      </ul>"
`;
